0 info it worked if it ends with ok
1 verbose cli [ '/home/raoult/.nvm/versions/node/v4.3.2/bin/node',
1 verbose cli   '/home/raoult/.nvm/versions/node/v4.3.2/bin/npm',
1 verbose cli   'start' ]
2 info using npm@3.9.5
3 info using node@v4.3.2
4 verbose config Skipping project config: /home/raoult/.npmrc. (matches userconfig)
5 verbose stack Error: missing script: start
5 verbose stack     at run (/home/raoult/.nvm/versions/node/v4.3.2/lib/node_modules/npm/lib/run-script.js:150:19)
5 verbose stack     at /home/raoult/.nvm/versions/node/v4.3.2/lib/node_modules/npm/lib/run-script.js:60:5
5 verbose stack     at /home/raoult/.nvm/versions/node/v4.3.2/lib/node_modules/npm/node_modules/read-package-json/read-json.js:356:5
5 verbose stack     at checkBinReferences_ (/home/raoult/.nvm/versions/node/v4.3.2/lib/node_modules/npm/node_modules/read-package-json/read-json.js:320:45)
5 verbose stack     at final (/home/raoult/.nvm/versions/node/v4.3.2/lib/node_modules/npm/node_modules/read-package-json/read-json.js:354:3)
5 verbose stack     at then (/home/raoult/.nvm/versions/node/v4.3.2/lib/node_modules/npm/node_modules/read-package-json/read-json.js:124:5)
5 verbose stack     at ReadFileContext.<anonymous> (/home/raoult/.nvm/versions/node/v4.3.2/lib/node_modules/npm/node_modules/read-package-json/read-json.js:295:20)
5 verbose stack     at ReadFileContext.callback (/home/raoult/.nvm/versions/node/v4.3.2/lib/node_modules/npm/node_modules/graceful-fs/graceful-fs.js:78:16)
5 verbose stack     at FSReqWrap.readFileAfterOpen [as oncomplete] (fs.js:303:13)
6 verbose cwd /home/raoult/Sites/illperipherals.github.io
7 error Linux 4.4.0-34-generic
8 error argv "/home/raoult/.nvm/versions/node/v4.3.2/bin/node" "/home/raoult/.nvm/versions/node/v4.3.2/bin/npm" "start"
9 error node v4.3.2
10 error npm  v3.9.5
11 error missing script: start
12 error If you need help, you may report this error at:
12 error     <https://github.com/npm/npm/issues>
13 verbose exit [ 1, true ]
